// Jest Snapshot v1, https://goo.gl/fbAQLP

exports[`Footer Component renders correctly 1`] = `
<DocumentFragment>
  <footer
    class="bg-primary p-6"
    role="contentinfo"
  >
    <div
      class="flex justify-center gap-4 py-5"
    >
      <a
        href="https://github.com/emimbchen"
      >
        <svg
          class="h-9 w-auto"
        >
          linkedin.svg
        </svg>
        <span
          class="sr-only"
        >
          Emi's Linkedin
        </span>
      </a>
      <a
        href="https://www.linkedin.com/in/emi-mb-chen/"
      >
        <svg
          class="h-9 w-auto"
        >
          github.svg
        </svg>
        <span
          class="sr-only"
        >
          Emi's Github
        </span>
      </a>
    </div>
    <ul
      class="text-white"
    >
      <li>
        Favicon from:
        <a
          class="underline ms-2"
          href="https://thenounproject.com/browse/icons/term/card/"
          rel="noreferrer"
          target="_blank"
          title="Card Icons"
        >
          Noun Project
        </a>
      </li>
      <li>
        January of hwatu icon by 1516 from:
        <a
          class="underline ms-2"
          href="https://thenounproject.com/browse/icons/term/january-of-hwatu/"
          rel="noreferrer"
          target="_blank"
          title="January of hwatu Icons"
        >
          Noun Project
        </a>
      </li>
    </ul>
  </footer>
</DocumentFragment>
`;
