// Jest Snapshot v1, https://goo.gl/fbAQLP

exports[`Spell Card Component renders correctly 1`] = `
<DocumentFragment>
  <div
    class="p-3 border-l-2 drop-shadow shadow shadow-slate-50 null"
    style="border-left-color: #FFEB3B;"
  >
    <div
      class="flex flex-col justify-between"
    >
      <h2
        class="mb-2 font-bold underline"
      >
        <a
          href="/spells/acid-arrow"
        >
          Acid Arrow
        </a>
      </h2>
      <p>
        Level 2
      </p>
    </div>
  </div>
</DocumentFragment>
`;
